------------------------------------------------------------
TimeQuest Timing Analyzer Summary
------------------------------------------------------------

Type  : Slow 1200mV 85C Model Setup 'CLOCK_50'
Slack : -11.154
TNS   : -1842.528

Type  : Slow 1200mV 85C Model Setup 'control:main_control|curr_shape_id[0]'
Slack : -9.063
TNS   : -293.825

Type  : Slow 1200mV 85C Model Setup 'clear_screen:black_screen|draw_done'
Slack : -7.840
TNS   : -134.787

Type  : Slow 1200mV 85C Model Setup 'VGA|mypll|altpll_component|pll|clk[0]'
Slack : 31.039
TNS   : 0.000

Type  : Slow 1200mV 85C Model Hold 'clear_screen:black_screen|draw_done'
Slack : -0.002
TNS   : -0.002

Type  : Slow 1200mV 85C Model Hold 'control:main_control|curr_shape_id[0]'
Slack : 0.371
TNS   : 0.000

Type  : Slow 1200mV 85C Model Hold 'CLOCK_50'
Slack : 0.386
TNS   : 0.000

Type  : Slow 1200mV 85C Model Hold 'VGA|mypll|altpll_component|pll|clk[0]'
Slack : 0.403
TNS   : 0.000

Type  : Slow 1200mV 85C Model Minimum Pulse Width 'control:main_control|curr_shape_id[0]'
Slack : -0.343
TNS   : -24.060

Type  : Slow 1200mV 85C Model Minimum Pulse Width 'clear_screen:black_screen|draw_done'
Slack : 0.219
TNS   : 0.000

Type  : Slow 1200mV 85C Model Minimum Pulse Width 'CLOCK_50'
Slack : 9.623
TNS   : 0.000

Type  : Slow 1200mV 85C Model Minimum Pulse Width 'VGA|mypll|altpll_component|pll|clk[0]'
Slack : 19.707
TNS   : 0.000

Type  : Slow 1200mV 0C Model Setup 'CLOCK_50'
Slack : -10.031
TNS   : -1634.308

Type  : Slow 1200mV 0C Model Setup 'control:main_control|curr_shape_id[0]'
Slack : -8.360
TNS   : -267.266

Type  : Slow 1200mV 0C Model Setup 'clear_screen:black_screen|draw_done'
Slack : -7.209
TNS   : -122.421

Type  : Slow 1200mV 0C Model Setup 'VGA|mypll|altpll_component|pll|clk[0]'
Slack : 31.864
TNS   : 0.000

Type  : Slow 1200mV 0C Model Hold 'clear_screen:black_screen|draw_done'
Slack : -0.049
TNS   : -0.049

Type  : Slow 1200mV 0C Model Hold 'control:main_control|curr_shape_id[0]'
Slack : 0.298
TNS   : 0.000

Type  : Slow 1200mV 0C Model Hold 'CLOCK_50'
Slack : 0.340
TNS   : 0.000

Type  : Slow 1200mV 0C Model Hold 'VGA|mypll|altpll_component|pll|clk[0]'
Slack : 0.355
TNS   : 0.000

Type  : Slow 1200mV 0C Model Minimum Pulse Width 'control:main_control|curr_shape_id[0]'
Slack : -0.374
TNS   : -16.033

Type  : Slow 1200mV 0C Model Minimum Pulse Width 'clear_screen:black_screen|draw_done'
Slack : 0.236
TNS   : 0.000

Type  : Slow 1200mV 0C Model Minimum Pulse Width 'CLOCK_50'
Slack : 9.644
TNS   : 0.000

Type  : Slow 1200mV 0C Model Minimum Pulse Width 'VGA|mypll|altpll_component|pll|clk[0]'
Slack : 19.710
TNS   : 0.000

Type  : Fast 1200mV 0C Model Setup 'CLOCK_50'
Slack : -5.105
TNS   : -508.150

Type  : Fast 1200mV 0C Model Setup 'control:main_control|curr_shape_id[0]'
Slack : -4.260
TNS   : -130.478

Type  : Fast 1200mV 0C Model Setup 'clear_screen:black_screen|draw_done'
Slack : -3.590
TNS   : -56.504

Type  : Fast 1200mV 0C Model Setup 'VGA|mypll|altpll_component|pll|clk[0]'
Slack : 35.590
TNS   : 0.000

Type  : Fast 1200mV 0C Model Hold 'clear_screen:black_screen|draw_done'
Slack : 0.040
TNS   : 0.000

Type  : Fast 1200mV 0C Model Hold 'CLOCK_50'
Slack : 0.174
TNS   : 0.000

Type  : Fast 1200mV 0C Model Hold 'VGA|mypll|altpll_component|pll|clk[0]'
Slack : 0.183
TNS   : 0.000

Type  : Fast 1200mV 0C Model Hold 'control:main_control|curr_shape_id[0]'
Slack : 0.199
TNS   : 0.000

Type  : Fast 1200mV 0C Model Minimum Pulse Width 'control:main_control|curr_shape_id[0]'
Slack : -0.077
TNS   : -1.227

Type  : Fast 1200mV 0C Model Minimum Pulse Width 'clear_screen:black_screen|draw_done'
Slack : 0.179
TNS   : 0.000

Type  : Fast 1200mV 0C Model Minimum Pulse Width 'CLOCK_50'
Slack : 9.371
TNS   : 0.000

Type  : Fast 1200mV 0C Model Minimum Pulse Width 'VGA|mypll|altpll_component|pll|clk[0]'
Slack : 19.752
TNS   : 0.000

------------------------------------------------------------
