MIF/HEX Update report for project
Thu Jul 13 00:41:52 2017
Quartus Prime Version 17.0.0 Build 595 04/25/2017 SJ Lite Edition


---------------------
; Table of Contents ;
---------------------
  1. Legal Notice
  2. MIF/HEX Update Summary
  3. MIF/HEX Update Processed Files
  4. MIF/HEX Update Messages



----------------
; Legal Notice ;
----------------
Copyright (C) 2017  Intel Corporation. All rights reserved.
Your use of Intel Corporation's design tools, logic functions 
and other software and tools, and its AMPP partner logic 
functions, and any output files from any of the foregoing 
(including device programming or simulation files), and any 
associated documentation or information are expressly subject 
to the terms and conditions of the Intel Program License 
Subscription Agreement, the Intel Quartus Prime License Agreement,
the Intel MegaCore Function License Agreement, or other 
applicable license agreement, including, without limitation, 
that your use is for the sole purpose of programming logic 
devices manufactured by Intel and sold by Intel or its 
authorized distributors.  Please refer to the applicable 
agreement for further details.



+---------------------------------------------------------------+
; MIF/HEX Update Summary                                        ;
+-----------------------+---------------------------------------+
; MIF/HEX Update Status ; Successful - Thu Jul 13 00:41:52 2017 ;
; Revision Name         ; project                               ;
; Top-level Entity Name ; project                               ;
; Family                ; Cyclone IV E                          ;
; Device                ; EP4CE115F29C7                         ;
+-----------------------+---------------------------------------+


+---------------------------------------------------------------------------------------+
; MIF/HEX Update Processed Files                                                        ;
+---------------------------------------------------------------------------------------+
; File Name                                                                             ;
+---------------------------------------------------------------------------------------+
; C:/Users/DAVID/Documents/GitHub/cscb58_project/project/impossible_game_title_card.mif ;
+---------------------------------------------------------------------------------------+


+-------------------------+
; MIF/HEX Update Messages ;
+-------------------------+
Info: *******************************************************************
Info: Running Quartus Prime MIF/HEX Update
    Info: Version 17.0.0 Build 595 04/25/2017 SJ Lite Edition
    Info: Processing started: Thu Jul 13 00:41:51 2017
Info: Command: quartus_cdb project -c project --update_mif
Warning (18236): Number of processors has not been specified which may cause overloading on shared machines.  Set the global assignment NUM_PARALLEL_PROCESSORS in your QSF to an appropriate value for best performance.
Warning (113031): 19200 out of 32768 addresses are reinitialized. The latest initialized data will replace the existing data. There are 19200 warnings found, and 10 warnings are reported. File: C:/Users/DAVID/Documents/GitHub/cscb58_project/project/impossible_game_title_card.mif Line: 1
    Warning (113030): Memory Initialization File address 0 is reinitialized File: C:/Users/DAVID/Documents/GitHub/cscb58_project/project/ Line: 8
    Warning (113030): Memory Initialization File address 1 is reinitialized File: C:/Users/DAVID/Documents/GitHub/cscb58_project/project/ Line: 8
    Warning (113030): Memory Initialization File address 2 is reinitialized File: C:/Users/DAVID/Documents/GitHub/cscb58_project/project/ Line: 8
    Warning (113030): Memory Initialization File address 3 is reinitialized File: C:/Users/DAVID/Documents/GitHub/cscb58_project/project/ Line: 8
    Warning (113030): Memory Initialization File address 4 is reinitialized File: C:/Users/DAVID/Documents/GitHub/cscb58_project/project/ Line: 8
    Warning (113030): Memory Initialization File address 5 is reinitialized File: C:/Users/DAVID/Documents/GitHub/cscb58_project/project/ Line: 8
    Warning (113030): Memory Initialization File address 6 is reinitialized File: C:/Users/DAVID/Documents/GitHub/cscb58_project/project/ Line: 8
    Warning (113030): Memory Initialization File address 7 is reinitialized File: C:/Users/DAVID/Documents/GitHub/cscb58_project/project/ Line: 8
    Warning (113030): Memory Initialization File address 8 is reinitialized File: C:/Users/DAVID/Documents/GitHub/cscb58_project/project/ Line: 8
    Warning (113030): Memory Initialization File address 9 is reinitialized File: C:/Users/DAVID/Documents/GitHub/cscb58_project/project/ Line: 8
Critical Warning (127004): Memory depth (19200) in the design file differs from memory depth (32768) in the Memory Initialization File "C:/Users/DAVID/Documents/GitHub/cscb58_project/project/impossible_game_title_card.mif" -- truncated remaining initial content value to fit RAM
Info (39024): Processed the following Memory Initialization File(s)
    Info (39025): Processed Memory Initialization File C:/Users/DAVID/Documents/GitHub/cscb58_project/project/impossible_game_title_card.mif File: C:/Users/DAVID/Documents/GitHub/cscb58_project/project/impossible_game_title_card.mif Line: 0
Info: Quartus Prime MIF/HEX Update was successful. 0 errors, 13 warnings
    Info: Peak virtual memory: 675 megabytes
    Info: Processing ended: Thu Jul 13 00:41:52 2017
    Info: Elapsed time: 00:00:01
    Info: Total CPU time (on all processors): 00:00:02


